Classic Timing Analyzer report for COA-Practical-Work
Tue Mar 24 11:19:41 2026
Quartus II Version 9.1 Build 350 03/24/2010 Service Pack 2 SJ Web Edition


---------------------
; Table of Contents ;
---------------------
  1. Legal Notice
  2. Timing Analyzer Summary
  3. Timing Analyzer Settings
  4. Parallel Compilation
  5. tpd
  6. Timing Analyzer Messages



----------------
; Legal Notice ;
----------------
Copyright (C) 1991-2010 Altera Corporation
Your use of Altera Corporation's design tools, logic functions 
and other software and tools, and its AMPP partner logic 
functions, and any output files from any of the foregoing 
(including device programming or simulation files), and any 
associated documentation or information are expressly subject 
to the terms and conditions of the Altera Program License 
Subscription Agreement, Altera MegaCore Function License 
Agreement, or other applicable license agreement, including, 
without limitation, that your use is for the sole purpose of 
programming logic devices manufactured by Altera and sold by 
Altera or its authorized distributors.  Please refer to the 
applicable agreement for further details.



+--------------------------------------------------------------------------------------------------------------------------------+
; Timing Analyzer Summary                                                                                                        ;
+------------------------------+-------+---------------+-------------+------------+-------+------------+----------+--------------+
; Type                         ; Slack ; Required Time ; Actual Time ; From       ; To    ; From Clock ; To Clock ; Failed Paths ;
+------------------------------+-------+---------------+-------------+------------+-------+------------+----------+--------------+
; Worst-case tpd               ; N/A   ; None          ; 14.110 ns   ; shift_type ; Y[30] ; --         ; --       ; 0            ;
; Total number of failed paths ;       ;               ;             ;            ;       ;            ;          ; 0            ;
+------------------------------+-------+---------------+-------------+------------+-------+------------+----------+--------------+


+-----------------------------------------------------------------------------------------------------------------------------------------------------+
; Timing Analyzer Settings                                                                                                                            ;
+------------------------------------------------------------------------------------------------------+--------------------+------+----+-------------+
; Option                                                                                               ; Setting            ; From ; To ; Entity Name ;
+------------------------------------------------------------------------------------------------------+--------------------+------+----+-------------+
; Device Name                                                                                          ; EP2S15F484C3       ;      ;    ;             ;
; Timing Models                                                                                        ; Final              ;      ;    ;             ;
; Default hold multicycle                                                                              ; Same as Multicycle ;      ;    ;             ;
; Cut paths between unrelated clock domains                                                            ; On                 ;      ;    ;             ;
; Cut off read during write signal paths                                                               ; On                 ;      ;    ;             ;
; Cut off feedback from I/O pins                                                                       ; On                 ;      ;    ;             ;
; Report Combined Fast/Slow Timing                                                                     ; Off                ;      ;    ;             ;
; Ignore Clock Settings                                                                                ; Off                ;      ;    ;             ;
; Analyze latches as synchronous elements                                                              ; On                 ;      ;    ;             ;
; Enable Recovery/Removal analysis                                                                     ; Off                ;      ;    ;             ;
; Enable Clock Latency                                                                                 ; Off                ;      ;    ;             ;
; Use TimeQuest Timing Analyzer                                                                        ; Off                ;      ;    ;             ;
; Number of source nodes to report per destination node                                                ; 10                 ;      ;    ;             ;
; Number of destination nodes to report                                                                ; 10                 ;      ;    ;             ;
; Number of paths to report                                                                            ; 200                ;      ;    ;             ;
; Report Minimum Timing Checks                                                                         ; Off                ;      ;    ;             ;
; Use Fast Timing Models                                                                               ; Off                ;      ;    ;             ;
; Report IO Paths Separately                                                                           ; Off                ;      ;    ;             ;
; Perform Multicorner Analysis                                                                         ; On                 ;      ;    ;             ;
; Reports the worst-case path for each clock domain and analysis                                       ; Off                ;      ;    ;             ;
; Reports worst-case timing paths for each clock domain and analysis                                   ; Off                ;      ;    ;             ;
; Specifies the maximum number of worst-case timing paths to report for each clock domain and analysis ; 100                ;      ;    ;             ;
; Removes common clock path pessimism (CCPP) during slack computation                                  ; Off                ;      ;    ;             ;
; Output I/O Timing Endpoint                                                                           ; Near End           ;      ;    ;             ;
+------------------------------------------------------------------------------------------------------+--------------------+------+----+-------------+


Parallel compilation was disabled, but you have multiple processors available. Enable parallel compilation to reduce compilation time.
+-------------------------------------+
; Parallel Compilation                ;
+----------------------------+--------+
; Processors                 ; Number ;
+----------------------------+--------+
; Number detected on machine ; 14     ;
; Maximum allowed            ; 1      ;
+----------------------------+--------+


+--------------------------------------------------------------------------------------------------------------------------------------+
; tpd                                                                                                                                  ;
+-----------------------------------------+-----------------------------------------------------+-----------------+------------+-------+
; Slack                                   ; Required P2P Time                                   ; Actual P2P Time ; From       ; To    ;
+-----------------------------------------+-----------------------------------------------------+-----------------+------------+-------+
; N/A                                     ; None                                                ; 14.110 ns       ; shift_type ; Y[30] ;
; N/A                                     ; None                                                ; 14.022 ns       ; B[0]       ; Y[30] ;
; N/A                                     ; None                                                ; 13.880 ns       ; shift_type ; Y[2]  ;
; N/A                                     ; None                                                ; 13.763 ns       ; B[0]       ; Y[2]  ;
; N/A                                     ; None                                                ; 13.686 ns       ; shift_type ; Y[18] ;
; N/A                                     ; None                                                ; 13.656 ns       ; A[22]      ; Y[2]  ;
; N/A                                     ; None                                                ; 13.647 ns       ; A[25]      ; Y[30] ;
; N/A                                     ; None                                                ; 13.573 ns       ; A[22]      ; Y[30] ;
; N/A                                     ; None                                                ; 13.569 ns       ; B[0]       ; Y[18] ;
; N/A                                     ; None                                                ; 13.558 ns       ; shift_type ; Y[14] ;
; N/A                                     ; None                                                ; 13.504 ns       ; A[15]      ; Y[30] ;
; N/A                                     ; None                                                ; 13.501 ns       ; A[27]      ; Y[30] ;
; N/A                                     ; None                                                ; 13.495 ns       ; A[10]      ; Y[30] ;
; N/A                                     ; None                                                ; 13.470 ns       ; B[0]       ; Y[14] ;
; N/A                                     ; None                                                ; 13.462 ns       ; A[22]      ; Y[18] ;
; N/A                                     ; None                                                ; 13.446 ns       ; A[26]      ; Y[30] ;
; N/A                                     ; None                                                ; 13.403 ns       ; A[18]      ; Y[30] ;
; N/A                                     ; None                                                ; 13.397 ns       ; A[23]      ; Y[30] ;
; N/A                                     ; None                                                ; 13.388 ns       ; A[25]      ; Y[2]  ;
; N/A                                     ; None                                                ; 13.332 ns       ; A[17]      ; Y[30] ;
; N/A                                     ; None                                                ; 13.326 ns       ; A[30]      ; Y[2]  ;
; N/A                                     ; None                                                ; 13.320 ns       ; A[11]      ; Y[30] ;
; N/A                                     ; None                                                ; 13.312 ns       ; A[12]      ; Y[30] ;
; N/A                                     ; None                                                ; 13.310 ns       ; A[21]      ; Y[30] ;
; N/A                                     ; None                                                ; 13.302 ns       ; A[15]      ; Y[1]  ;
; N/A                                     ; None                                                ; 13.286 ns       ; shift_type ; Y[22] ;
; N/A                                     ; None                                                ; 13.274 ns       ; shift_type ; Y[12] ;
; N/A                                     ; None                                                ; 13.256 ns       ; A[16]      ; Y[1]  ;
; N/A                                     ; None                                                ; 13.253 ns       ; A[19]      ; Y[30] ;
; N/A                                     ; None                                                ; 13.249 ns       ; A[13]      ; Y[30] ;
; N/A                                     ; None                                                ; 13.242 ns       ; A[27]      ; Y[2]  ;
; N/A                                     ; None                                                ; 13.222 ns       ; A[15]      ; Y[12] ;
; N/A                                     ; None                                                ; 13.218 ns       ; B[0]       ; Y[22] ;
; N/A                                     ; None                                                ; 13.201 ns       ; shift_type ; Y[20] ;
; N/A                                     ; None                                                ; 13.194 ns       ; A[25]      ; Y[18] ;
; N/A                                     ; None                                                ; 13.187 ns       ; A[26]      ; Y[2]  ;
; N/A                                     ; None                                                ; 13.179 ns       ; A[29]      ; Y[30] ;
; N/A                                     ; None                                                ; 13.167 ns       ; A[9]       ; Y[30] ;
; N/A                                     ; None                                                ; 13.162 ns       ; A[15]      ; Y[25] ;
; N/A                                     ; None                                                ; 13.138 ns       ; A[23]      ; Y[2]  ;
; N/A                                     ; None                                                ; 13.132 ns       ; A[30]      ; Y[18] ;
; N/A                                     ; None                                                ; 13.121 ns       ; A[20]      ; Y[30] ;
; N/A                                     ; None                                                ; 13.116 ns       ; A[16]      ; Y[25] ;
; N/A                                     ; None                                                ; 13.113 ns       ; B[0]       ; Y[12] ;
; N/A                                     ; None                                                ; 13.111 ns       ; A[8]       ; Y[30] ;
; N/A                                     ; None                                                ; 13.095 ns       ; A[25]      ; Y[14] ;
; N/A                                     ; None                                                ; 13.087 ns       ; A[15]      ; Y[2]  ;
; N/A                                     ; None                                                ; 13.080 ns       ; A[21]      ; Y[2]  ;
; N/A                                     ; None                                                ; 13.079 ns       ; A[15]      ; Y[17] ;
; N/A                                     ; None                                                ; 13.079 ns       ; shift_type ; Y[28] ;
; N/A                                     ; None                                                ; 13.070 ns       ; shift_type ; Y[0]  ;
; N/A                                     ; None                                                ; 13.070 ns       ; shift_type ; Y[10] ;
; N/A                                     ; None                                                ; 13.057 ns       ; B[0]       ; Y[20] ;
; N/A                                     ; None                                                ; 13.049 ns       ; A[10]      ; Y[22] ;
; N/A                                     ; None                                                ; 13.048 ns       ; A[27]      ; Y[18] ;
; N/A                                     ; None                                                ; 13.033 ns       ; A[16]      ; Y[17] ;
; N/A                                     ; None                                                ; 13.031 ns       ; A[15]      ; Y[21] ;
; N/A                                     ; None                                                ; 13.023 ns       ; A[19]      ; Y[2]  ;
; N/A                                     ; None                                                ; 13.021 ns       ; A[22]      ; Y[14] ;
; N/A                                     ; None                                                ; 13.021 ns       ; A[7]       ; Y[30] ;
; N/A                                     ; None                                                ; 13.015 ns       ; B[0]       ; Y[1]  ;
; N/A                                     ; None                                                ; 13.007 ns       ; A[1]       ; Y[30] ;
; N/A                                     ; None                                                ; 13.007 ns       ; A[24]      ; Y[30] ;
; N/A                                     ; None                                                ; 13.002 ns       ; A[15]      ; Y[9]  ;
; N/A                                     ; None                                                ; 12.993 ns       ; A[26]      ; Y[18] ;
; N/A                                     ; None                                                ; 12.988 ns       ; A[15]      ; Y[28] ;
; N/A                                     ; None                                                ; 12.985 ns       ; A[16]      ; Y[21] ;
; N/A                                     ; None                                                ; 12.983 ns       ; B[0]       ; Y[21] ;
; N/A                                     ; None                                                ; 12.980 ns       ; shift_type ; Y[25] ;
; N/A                                     ; None                                                ; 12.970 ns       ; A[14]      ; Y[30] ;
; N/A                                     ; None                                                ; 12.958 ns       ; A[31]      ; Y[2]  ;
; N/A                                     ; None                                                ; 12.956 ns       ; A[16]      ; Y[9]  ;
; N/A                                     ; None                                                ; 12.952 ns       ; A[15]      ; Y[14] ;
; N/A                                     ; None                                                ; 12.949 ns       ; A[27]      ; Y[14] ;
; N/A                                     ; None                                                ; 12.944 ns       ; A[23]      ; Y[18] ;
; N/A                                     ; None                                                ; 12.943 ns       ; A[10]      ; Y[14] ;
; N/A                                     ; None                                                ; 12.935 ns       ; B[0]       ; Y[28] ;
; N/A                                     ; None                                                ; 12.926 ns       ; B[0]       ; Y[0]  ;
; N/A                                     ; None                                                ; 12.923 ns       ; A[30]      ; Y[30] ;
; N/A                                     ; None                                                ; 12.920 ns       ; A[29]      ; Y[2]  ;
; N/A                                     ; None                                                ; 12.920 ns       ; B[0]       ; Y[10] ;
; N/A                                     ; None                                                ; 12.897 ns       ; shift_type ; Y[17] ;
; N/A                                     ; None                                                ; 12.894 ns       ; A[26]      ; Y[14] ;
; N/A                                     ; None                                                ; 12.893 ns       ; A[15]      ; Y[18] ;
; N/A                                     ; None                                                ; 12.891 ns       ; A[20]      ; Y[2]  ;
; N/A                                     ; None                                                ; 12.886 ns       ; shift_type ; Y[8]  ;
; N/A                                     ; None                                                ; 12.886 ns       ; A[21]      ; Y[18] ;
; N/A                                     ; None                                                ; 12.876 ns       ; A[3]       ; Y[30] ;
; N/A                                     ; None                                                ; 12.874 ns       ; A[11]      ; Y[22] ;
; N/A                                     ; None                                                ; 12.869 ns       ; shift_type ; Y[1]  ;
; N/A                                     ; None                                                ; 12.869 ns       ; A[15]      ; Y[13] ;
; N/A                                     ; None                                                ; 12.866 ns       ; A[12]      ; Y[22] ;
; N/A                                     ; None                                                ; 12.863 ns       ; B[0]       ; Y[25] ;
; N/A                                     ; None                                                ; 12.854 ns       ; A[26]      ; Y[20] ;
; N/A                                     ; None                                                ; 12.851 ns       ; B[0]       ; Y[9]  ;
; N/A                                     ; None                                                ; 12.851 ns       ; A[18]      ; Y[14] ;
; N/A                                     ; None                                                ; 12.850 ns       ; A[16]      ; Y[30] ;
; N/A                                     ; None                                                ; 12.849 ns       ; shift_type ; Y[21] ;
; N/A                                     ; None                                                ; 12.845 ns       ; A[23]      ; Y[14] ;
; N/A                                     ; None                                                ; 12.833 ns       ; A[15]      ; Y[15] ;
; N/A                                     ; None                                                ; 12.833 ns       ; A[6]       ; Y[30] ;
; N/A                                     ; None                                                ; 12.831 ns       ; A[17]      ; Y[12] ;
; N/A                                     ; None                                                ; 12.829 ns       ; A[19]      ; Y[18] ;
; N/A                                     ; None                                                ; 12.824 ns       ; A[10]      ; Y[21] ;
; N/A                                     ; None                                                ; 12.823 ns       ; A[16]      ; Y[13] ;
; N/A                                     ; None                                                ; 12.823 ns       ; A[25]      ; Y[22] ;
; N/A                                     ; None                                                ; 12.820 ns       ; A[18]      ; Y[12] ;
; N/A                                     ; None                                                ; 12.820 ns       ; shift_type ; Y[26] ;
; N/A                                     ; None                                                ; 12.809 ns       ; A[15]      ; Y[0]  ;
; N/A                                     ; None                                                ; 12.807 ns       ; shift_type ; Y[16] ;
; N/A                                     ; None                                                ; 12.803 ns       ; A[13]      ; Y[22] ;
; N/A                                     ; None                                                ; 12.803 ns       ; A[28]      ; Y[30] ;
; N/A                                     ; None                                                ; 12.792 ns       ; A[15]      ; Y[20] ;
; N/A                                     ; None                                                ; 12.787 ns       ; A[16]      ; Y[15] ;
; N/A                                     ; None                                                ; 12.783 ns       ; A[5]       ; Y[30] ;
; N/A                                     ; None                                                ; 12.780 ns       ; A[17]      ; Y[14] ;
; N/A                                     ; None                                                ; 12.780 ns       ; B[0]       ; Y[17] ;
; N/A                                     ; None                                                ; 12.775 ns       ; B[0]       ; Y[19] ;
; N/A                                     ; None                                                ; 12.771 ns       ; shift_type ; Y[19] ;
; N/A                                     ; None                                                ; 12.769 ns       ; A[14]      ; Y[1]  ;
; N/A                                     ; None                                                ; 12.768 ns       ; A[11]      ; Y[14] ;
; N/A                                     ; None                                                ; 12.764 ns       ; A[31]      ; Y[18] ;
; N/A                                     ; None                                                ; 12.760 ns       ; A[12]      ; Y[14] ;
; N/A                                     ; None                                                ; 12.758 ns       ; A[21]      ; Y[14] ;
; N/A                                     ; None                                                ; 12.756 ns       ; A[30]      ; Y[28] ;
; N/A                                     ; None                                                ; 12.749 ns       ; A[22]      ; Y[22] ;
; N/A                                     ; None                                                ; 12.748 ns       ; A[24]      ; Y[2]  ;
; N/A                                     ; None                                                ; 12.742 ns       ; B[0]       ; Y[8]  ;
; N/A                                     ; None                                                ; 12.732 ns       ; A[26]      ; Y[28] ;
; N/A                                     ; None                                                ; 12.729 ns       ; A[2]       ; Y[30] ;
; N/A                                     ; None                                                ; 12.726 ns       ; A[29]      ; Y[18] ;
; N/A                                     ; None                                                ; 12.724 ns       ; A[27]      ; Y[20] ;
; N/A                                     ; None                                                ; 12.723 ns       ; A[26]      ; Y[0]  ;
; N/A                                     ; None                                                ; 12.721 ns       ; shift_type ; Y[9]  ;
; N/A                                     ; None                                                ; 12.721 ns       ; A[0]       ; Y[9]  ;
; N/A                                     ; None                                                ; 12.721 ns       ; A[9]       ; Y[22] ;
; N/A                                     ; None                                                ; 12.701 ns       ; A[19]      ; Y[14] ;
; N/A                                     ; None                                                ; 12.697 ns       ; A[13]      ; Y[14] ;
; N/A                                     ; None                                                ; 12.697 ns       ; A[20]      ; Y[18] ;
; N/A                                     ; None                                                ; 12.688 ns       ; A[14]      ; Y[12] ;
; N/A                                     ; None                                                ; 12.687 ns       ; shift_type ; Y[13] ;
; N/A                                     ; None                                                ; 12.677 ns       ; A[27]      ; Y[22] ;
; N/A                                     ; None                                                ; 12.670 ns       ; B[0]       ; Y[26] ;
; N/A                                     ; None                                                ; 12.665 ns       ; A[8]       ; Y[22] ;
; N/A                                     ; None                                                ; 12.663 ns       ; A[12]      ; Y[1]  ;
; N/A                                     ; None                                                ; 12.663 ns       ; B[0]       ; Y[16] ;
; N/A                                     ; None                                                ; 12.651 ns       ; shift_type ; Y[15] ;
; N/A                                     ; None                                                ; 12.650 ns       ; B[0]       ; Y[13] ;
; N/A                                     ; None                                                ; 12.648 ns       ; A[11]      ; Y[21] ;
; N/A                                     ; None                                                ; 12.641 ns       ; A[3]       ; Y[9]  ;
; N/A                                     ; None                                                ; 12.641 ns       ; A[18]      ; Y[25] ;
; N/A                                     ; None                                                ; 12.636 ns       ; A[19]      ; Y[12] ;
; N/A                                     ; None                                                ; 12.629 ns       ; A[14]      ; Y[25] ;
; N/A                                     ; None                                                ; 12.627 ns       ; A[29]      ; Y[14] ;
; N/A                                     ; None                                                ; 12.622 ns       ; A[26]      ; Y[22] ;
; N/A                                     ; None                                                ; 12.617 ns       ; shift_type ; Y[24] ;
; N/A                                     ; None                                                ; 12.616 ns       ; A[30]      ; Y[12] ;
; N/A                                     ; None                                                ; 12.616 ns       ; A[5]       ; Y[21] ;
; N/A                                     ; None                                                ; 12.615 ns       ; A[9]       ; Y[14] ;
; N/A                                     ; None                                                ; 12.602 ns       ; A[27]      ; Y[28] ;
; N/A                                     ; None                                                ; 12.601 ns       ; A[10]      ; Y[2]  ;
; N/A                                     ; None                                                ; 12.597 ns       ; A[22]      ; Y[20] ;
; N/A                                     ; None                                                ; 12.597 ns       ; A[17]      ; Y[28] ;
; N/A                                     ; None                                                ; 12.593 ns       ; A[27]      ; Y[0]  ;
; N/A                                     ; None                                                ; 12.592 ns       ; A[26]      ; Y[12] ;
; N/A                                     ; None                                                ; 12.586 ns       ; A[22]      ; Y[26] ;
; N/A                                     ; None                                                ; 12.586 ns       ; A[18]      ; Y[28] ;
; N/A                                     ; None                                                ; 12.579 ns       ; A[18]      ; Y[22] ;
; N/A                                     ; None                                                ; 12.577 ns       ; A[15]      ; Y[10] ;
; N/A                                     ; None                                                ; 12.575 ns       ; A[7]       ; Y[22] ;
; N/A                                     ; None                                                ; 12.573 ns       ; A[23]      ; Y[22] ;
; N/A                                     ; None                                                ; 12.569 ns       ; A[20]      ; Y[14] ;
; N/A                                     ; None                                                ; 12.566 ns       ; A[4]       ; Y[30] ;
; N/A                                     ; None                                                ; 12.561 ns       ; A[1]       ; Y[22] ;
; N/A                                     ; None                                                ; 12.559 ns       ; A[17]      ; Y[2]  ;
; N/A                                     ; None                                                ; 12.559 ns       ; A[8]       ; Y[14] ;
; N/A                                     ; None                                                ; 12.558 ns       ; A[18]      ; Y[17] ;
; N/A                                     ; None                                                ; 12.555 ns       ; A[31]      ; Y[30] ;
; N/A                                     ; None                                                ; 12.554 ns       ; A[24]      ; Y[18] ;
; N/A                                     ; None                                                ; 12.553 ns       ; A[14]      ; Y[2]  ;
; N/A                                     ; None                                                ; 12.552 ns       ; A[25]      ; Y[20] ;
; N/A                                     ; None                                                ; 12.546 ns       ; A[15]      ; Y[16] ;
; N/A                                     ; None                                                ; 12.546 ns       ; A[14]      ; Y[17] ;
; N/A                                     ; None                                                ; 12.544 ns       ; A[28]      ; Y[2]  ;
; N/A                                     ; None                                                ; 12.541 ns       ; A[26]      ; Y[19] ;
; N/A                                     ; None                                                ; 12.539 ns       ; A[26]      ; Y[8]  ;
; N/A                                     ; None                                                ; 12.536 ns       ; shift_type ; Y[4]  ;
; N/A                                     ; None                                                ; 12.536 ns       ; A[17]      ; Y[25] ;
; N/A                                     ; None                                                ; 12.534 ns       ; B[0]       ; Y[15] ;
; N/A                                     ; None                                                ; 12.533 ns       ; A[22]      ; Y[10] ;
; N/A                                     ; None                                                ; 12.531 ns       ; A[30]      ; Y[20] ;
; N/A                                     ; None                                                ; 12.523 ns       ; A[18]      ; Y[1]  ;
; N/A                                     ; None                                                ; 12.510 ns       ; A[18]      ; Y[21] ;
; N/A                                     ; None                                                ; 12.508 ns       ; A[17]      ; Y[22] ;
; N/A                                     ; None                                                ; 12.502 ns       ; A[12]      ; Y[21] ;
; N/A                                     ; None                                                ; 12.498 ns       ; A[14]      ; Y[21] ;
; N/A                                     ; None                                                ; 12.495 ns       ; A[2]       ; Y[9]  ;
; N/A                                     ; None                                                ; 12.491 ns       ; A[10]      ; Y[13] ;
; N/A                                     ; None                                                ; 12.486 ns       ; A[21]      ; Y[22] ;
; N/A                                     ; None                                                ; 12.485 ns       ; A[15]      ; Y[19] ;
; Timing analysis restricted to 200 rows. ; To change the limit use Settings (Assignments menu) ;                 ;            ;       ;
+-----------------------------------------+-----------------------------------------------------+-----------------+------------+-------+


+--------------------------+
; Timing Analyzer Messages ;
+--------------------------+
Info: *******************************************************************
Info: Running Quartus II Classic Timing Analyzer
    Info: Version 9.1 Build 350 03/24/2010 Service Pack 2 SJ Web Edition
    Info: Processing started: Tue Mar 24 11:19:41 2026
Info: Command: quartus_tan --read_settings_files=off --write_settings_files=off COA-Practical-Work -c COA-Practical-Work --timing_analysis_only
Info: Longest tpd from source pin "shift_type" to destination pin "Y[30]" is 14.110 ns
    Info: 1: + IC(0.000 ns) + CELL(0.819 ns) = 0.819 ns; Loc. = PIN_A13; Fanout = 157; PIN Node = 'shift_type'
    Info: 2: + IC(4.797 ns) + CELL(0.346 ns) = 5.962 ns; Loc. = LCCOMB_X15_Y17_N8; Fanout = 5; COMB Node = 'lpm_clshift0:inst6|lpm_clshift:lpm_clshift_component|lpm_clshift_euc:auto_generated|sbit_w[52]~44'
    Info: 3: + IC(0.847 ns) + CELL(0.366 ns) = 7.175 ns; Loc. = LCCOMB_X18_Y18_N28; Fanout = 2; COMB Node = 'lpm_clshift0:inst6|lpm_clshift:lpm_clshift_component|lpm_clshift_euc:auto_generated|sbit_w[86]~49'
    Info: 4: + IC(0.554 ns) + CELL(0.346 ns) = 8.075 ns; Loc. = LCCOMB_X19_Y18_N20; Fanout = 3; COMB Node = 'lpm_clshift0:inst6|lpm_clshift:lpm_clshift_component|lpm_clshift_euc:auto_generated|sbit_w[118]~53'
    Info: 5: + IC(0.268 ns) + CELL(0.366 ns) = 8.709 ns; Loc. = LCCOMB_X19_Y18_N14; Fanout = 2; COMB Node = 'lpm_clshift0:inst6|lpm_clshift:lpm_clshift_component|lpm_clshift_euc:auto_generated|sbit_w[158]~56'
    Info: 6: + IC(0.735 ns) + CELL(0.366 ns) = 9.810 ns; Loc. = LCCOMB_X19_Y17_N0; Fanout = 1; COMB Node = 'lpm_clshift0:inst6|lpm_clshift:lpm_clshift_component|lpm_clshift_euc:auto_generated|sbit_w[190]~57'
    Info: 7: + IC(2.254 ns) + CELL(2.046 ns) = 14.110 ns; Loc. = PIN_Y9; Fanout = 0; PIN Node = 'Y[30]'
    Info: Total cell delay = 4.655 ns ( 32.99 % )
    Info: Total interconnect delay = 9.455 ns ( 67.01 % )
Info: Quartus II Classic Timing Analyzer was successful. 0 errors, 0 warnings
    Info: Peak virtual memory: 203 megabytes
    Info: Processing ended: Tue Mar 24 11:19:41 2026
    Info: Elapsed time: 00:00:00
    Info: Total CPU time (on all processors): 00:00:00


